   Ôû▓ Next.js 16.0.10 (Turbopack)
   - Environments: .env.local

   Creating an optimized production build ...
 Ô£ô Compiled successfully in 5.3s
   Skipping validation of types
   Collecting page data using 11 workers ...
   Generating static pages using 11 workers (0/44) ...
   Generating static pages using 11 workers (11/44) 
   Generating static pages using 11 workers (22/44) 
   Generating static pages using 11 workers (33/44) 
 Ô£ô Generating static pages using 11 workers (44/44) in 2.3s
   Finalizing page optimization ...

Route (app)
Ôöî Ôùï /
Ôö£ Ôùï /_not-found
Ôö£ Ôùï /about
Ôö£ Ôùï /ai-tools
Ôö£ Ôùï /ai-tools/colors
Ôö£ Ôùï /ai-tools/components
Ôö£ Ôùï /ai-tools/copywriter
Ôö£ Ôùï /ai-tools/domains
Ôö£ Ôùï /ai-tools/layout
Ôö£ Ôùï /ai-tools/seo
Ôö£ Ôùï /ai-tools/sitemap
Ôö£ ãÆ /api/builder/generate-layout
Ôö£ ãÆ /api/builder/save-page
Ôö£ ãÆ /api/domains/[domainId]/status
Ôö£ ãÆ /api/domains/register
Ôö£ ãÆ /api/domains/search
Ôö£ ãÆ /api/sites/[siteId]/pages
Ôö£ ãÆ /api/sites/[siteId]/publish
Ôö£ Ôùï /blog
Ôö£ ãÆ /blog/[slug]
Ôö£ Ôùï /builder
Ôö£ Ôùï /builder/live
Ôö£ Ôùï /careers
Ôö£ Ôùï /contact
Ôö£ Ôùï /cookies
Ôö£ Ôùï /dashboard
Ôö£ Ôùï /dashboard/analytics
Ôö£ Ôùï /dashboard/domains
Ôö£ Ôùï /dashboard/settings
Ôö£ Ôùï /dashboard/sites
Ôö£ Ôùï /dashboard/templates
Ôö£ Ôùï /docs
Ôö£ Ôùï /docs/api
Ôö£ Ôùï /docs/builder
Ôö£ Ôùï /docs/builder-guide
Ôö£ Ôùï /docs/deployment
Ôö£ Ôùï /docs/domains
Ôö£ Ôùï /docs/getting-started
Ôö£ Ôùï /docs/troubleshooting
Ôö£ ãÆ /domains
Ôö£ Ôùï /features
Ôö£ Ôùï /forgot-password
Ôö£ Ôùï /login
Ôö£ Ôùï /pricing
Ôö£ Ôùï /privacy
Ôö£ Ôùï /signup
Ôöö Ôùï /terms


ãÆ Proxy (Middleware)

Ôùï  (Static)   prerendered as static content
ãÆ  (Dynamic)  server-rendered on demand

